// Vitest Snapshot v1, https://vitest.dev/guide/snapshot.html

exports[`convertToSingleLocale > should convert to single locale when locale is nested 1`] = `
{
  "array": [
    1,
    2,
    3,
  ],
  "boolean": true,
  "nested": {
    "a": 7,
    "b": 8,
  },
  "number": 123,
  "object": {
    "a": 1,
    "b": 2,
  },
  "string": "normal string",
  "title": {
    "0": "T",
    "1": "i",
    "2": "t",
    "3": "l",
    "4": "e",
  },
}
`;

exports[`getAllUniqueKeys > should return all unique keys of an object 1`] = `
Set {
  "a",
  "b",
  "c",
  "d",
  "e",
  "g",
  "i",
  "k",
}
`;
