// Vitest Snapshot v1, https://vitest.dev/guide/snapshot.html

exports[`buildPath > should throw if no segment matches a param 1`] = `[Error: No segment value found for route segment "slug". Did you forget to provide it?]`;
